poll got 1 cmds: ['demo_state']
poll got 1 cmds: ['demo_state']
poll got 1 cmds: ['demo_state']
poll got 1 cmds: ['demo_state']
poll got 1 cmds: ['demo_state']
poll got 1 cmds: ['demo_state']
poll got 1 cmds: ['demo_state']
poll got 1 cmds: ['demo_state']
poll got 1 cmds: ['quit']
poll got 1 cmds: ['demo_state']
poll got 1 cmds: ['demo_state']
poll got 1 cmds: ['quit']
poll got 1 cmds: ['demo_state']
poll got 1 cmds: ['edit_toggle']
poll got 1 cmds: ['edit_toggle']
poll got 1 cmds: ['demo_state']
poll got 1 cmds: ['quit']
poll got 1 cmds: ['demo_state']
poll got 1 cmds: ['demo_state']
poll got 1 cmds: ['quit']
poll got 1 cmds: ['demo_state']
poll got 1 cmds: ['quit']
poll got 1 cmds: ['demo_state']
poll got 1 cmds: ['quit']
poll got 1 cmds: ['demo_state']
poll got 1 cmds: ['demo_state']
poll got 1 cmds: ['quit']
poll got 1 cmds: ['demo_state']
poll got 1 cmds: ['quit']
poll got 1 cmds: ['demo_state']
poll got 1 cmds: ['quit']
poll got 1 cmds: ['demo_state']
poll got 1 cmds: ['quit']
poll got 1 cmds: ['demo_state']
poll got 1 cmds: ['quit']
poll got 1 cmds: ['demo_state']
poll got 1 cmds: ['demo_state']
poll got 1 cmds: ['demo_state']
poll got 1 cmds: ['demo_state']
poll got 1 cmds: ['demo_state']
poll got 1 cmds: ['quit']
poll got 1 cmds: ['demo_state']
poll got 1 cmds: ['demo_state']
poll got 1 cmds: ['demo_state']
poll got 1 cmds: ['demo_state']
poll got 1 cmds: ['quit']
poll got 1 cmds: ['demo_state']
poll got 1 cmds: ['demo_state']
poll got 1 cmds: ['demo_state']
poll got 1 cmds: ['quit']
poll got 1 cmds: ['demo_state']
poll got 1 cmds: ['quit']
poll got 1 cmds: ['demo_state']
poll got 1 cmds: ['quit']
poll got 1 cmds: ['demo_state']
poll got 1 cmds: ['demo_state']
poll got 1 cmds: ['quit']
poll got 1 cmds: ['demo_state']
poll got 1 cmds: ['quit']
poll got 1 cmds: ['quit']
poll got 1 cmds: ['demo_state']
poll got 1 cmds: ['quit']
poll got 1 cmds: ['demo_state']
poll got 1 cmds: ['quit']
poll got 1 cmds: ['demo_state']
poll got 1 cmds: ['quit']
poll got 1 cmds: ['demo_state']
poll got 1 cmds: ['quit']
poll got 1 cmds: ['demo_state']
poll got 1 cmds: ['quit']
poll got 1 cmds: ['demo_state']
poll got 1 cmds: ['demo_state']
poll got 1 cmds: ['quit']
poll got 1 cmds: ['demo_state']
poll got 1 cmds: ['quit']
poll got 1 cmds: ['demo_state']
poll got 1 cmds: ['demo_state']
poll got 1 cmds: ['quit']
poll got 1 cmds: ['edit_on']
poll got 1 cmds: ['edit_off']
poll got 1 cmds: ['edit_on']
poll got 1 cmds: ['edit_off']
poll got 1 cmds: ['edit_on']
poll got 1 cmds: ['demo_state']
poll got 1 cmds: ['demo_state']
poll got 1 cmds: ['edit_toggle']
poll got 1 cmds: ['edit_toggle']
poll got 1 cmds: ['demo_state']
poll got 1 cmds: ['edit_toggle']
poll got 1 cmds: ['edit_toggle']
poll got 1 cmds: ['quit']
poll got 1 cmds: ['edit_toggle']
poll got 1 cmds: ['quit']
poll got 1 cmds: ['demo_state']
poll got 1 cmds: ['quit']
poll got 1 cmds: ['demo_state']
poll got 1 cmds: ['demo_state']
poll got 1 cmds: ['demo_state']
poll got 1 cmds: ['demo_state']
poll got 1 cmds: ['demo_state']
poll got 1 cmds: ['demo_state']
poll got 1 cmds: ['quit']
poll got 1 cmds: ['quit']
poll got 1 cmds: ['quit']
poll got 1 cmds: ['quit']
poll got 1 cmds: ['quit']
poll got 1 cmds: ['quit']
poll got 1 cmds: ['demo_state']
poll got 1 cmds: ['demo_state']
poll got 1 cmds: ['quit']
poll got 1 cmds: ['quit']
poll got 1 cmds: ['quit']
poll got 1 cmds: ['quit']
poll got 1 cmds: ['demo_state']
poll got 1 cmds: ['demo_state']
poll got 1 cmds: ['quit']
poll got 1 cmds: ['demo_state']
poll got 1 cmds: ['quit']
poll got 1 cmds: ['quit']
poll got 1 cmds: ['demo_state']
poll got 1 cmds: ['quit']
poll got 1 cmds: ['quit']
poll got 1 cmds: ['quit']
poll got 1 cmds: ['quit']
poll got 1 cmds: ['demo_state']
poll got 1 cmds: ['demo_state']
poll got 1 cmds: ['quit']
poll got 1 cmds: ['edit_toggle']
poll got 1 cmds: ['edit_toggle']
poll got 1 cmds: ['edit_toggle']
poll got 1 cmds: ['edit_toggle']
poll got 1 cmds: ['quit']
poll got 1 cmds: ['quit']
poll got 1 cmds: ['quit']
